# H'ruth's Quest
# "Prove your worth in my Arena!"
# Reworked into much tougher, but much more rewarding level.

allowstairs = false
allowgeneration = false
allowdig = false
allowitems = false
allowtele = false
quest = GOD_BARB
rarity = 0
pos = 0 0

+------------------------------+
|##############################|
|##.......##G#gg#..+____+.....#|
|#.iii.hhh.#.#.##.F######.....#|
|#.iIi.hhh.+.x..+..#D...+.....#|
|#.iii.hhh.######F.#^..^#.....#|
|##.......##aAa##..#^dd^#.....#|
|#####+####.....####^..^#.....#|
|#J.==.#<)+.....+CC+....#.....#|
|#####+####.....#########..e..#|
|##.......##bBb##*******#.....#|
|#..kkkkk..######*nNnNn*#.E.E.#|
|#..KKKKK..+.m..+***n***#######|
|#....L....#..M.#*nNnNn*+....O#|
|##.......##.m..#*******###+###|
|########################.P.###|
|#v$..$..U#......rrr#z###+###Z#|
|#v.$.$.$.#......rRr#x#.....#x#|
|#v$$.$.$$#.ttt..rrr#..q...q..#|
|#.$......+.tTt.....+....Q....#|
|#...$.$.$#.ttt..sss#..q...q..#|
|#.$$$$...#......sSs#x#.....#x#|
|#.$....$$#......sss#Z#######z#|
|#V.$.$uuu#############)()()###|
|##+#######Xyyy##}}}}........##|
|##.......+XyYy+.........>...%#|
|##....W..#Xyyy##}}}}........##|
|##.......#############][][]###|
|##############################|
+------------------------------+

.: SQUARE_FLOOR, SQUAREFLAG_LIT
*: SQUARE_FLOOR
=: SQUARE_LAVA, SQUAREFLAG_LIT
_: SQUARE_WATER, SQUAREFLAG_LIT
^: SQUARE_ACID, SQUAREFLAG_LIT
$: SQUARE_ICE, SQUAREFLAG_LIT
#: SQUARE_REINFORCEDWALL, SQUAREFLAG_LIT
+: SQUARE_BLOCKEDDOOR, SQUAREFLAG_LIT
x: SQUARE_SECRETDOOR, SQUAREFLAG_LIT
): SQUARE_FLOOR, ITEMTYPE_WEAPON, SQUAREFLAG_LIT
(: SQUARE_FLOOR, ITEMTYPE_WEAPON, ITEMTYPE_ARTIFACT, SQUAREFLAG_LIT
]: SQUARE_FLOOR, ITEMTYPE_ARMOUR, SQUAREFLAG_LIT
[: SQUARE_FLOOR, ITEMTYPE_ARMOUR, ITEMTYPE_ARTIFACT, SQUAREFLAG_LIT
}: SQUARE_FLOOR, ITEMTYPE_ANY, SQUAREFLAG_LIT
%: SQUARE_FLOOR, ITEMTYPE_ARTIFACT, SQUAREFLAG_LIT
>: SQUARE_LADDERDOWN, SQUAREFLAG_LIT
<: SQUARE_LADDERUP, SQUAREFLAG_LIT
a: SQUARE_FLOOR, SQUAREFLAG_LIT, MOB_DAEMON
A: SQUARE_FLOOR, SQUAREFLAG_LIT, MOB_DAEMON, MOBLEVEL_UNIQUE
b: SQUARE_FLOOR, SQUAREFLAG_LIT, MOB_ICEDAEMON
B: SQUARE_FLOOR, SQUAREFLAG_LIT, MOB_ICEDAEMON, MOBLEVEL_UNIQUE
C: SQUARE_FLOOR, SQUAREFLAG_LIT, MOB_COCKATRICE, MOBLEVEL_UNIQUE
d: SQUARE_FLOOR, SQUAREFLAG_LIT, MOB_YELLOWDRAGON
D: SQUARE_FLOOR, SQUAREFLAG_LIT, MOB_YELLOWDRAGON, MOBLEVEL_UNIQUE
e: SQUARE_FLOOR, SQUAREFLAG_LIT, MOB_STALKER
E: SQUARE_FLOOR, SQUAREFLAG_LIT, MOB_STALKER, MOBLEVEL_UNIQUE
F: SQUARE_FLOOR, SQUAREFLAG_LIT, MOB_GREENDRAGON, MOBLEVEL_UNIQUE
g: SQUARE_FLOOR, SQUAREFLAG_LIT, MOB_LICH
G: SQUARE_FLOOR, SQUAREFLAG_LIT, MOB_LICH, MOBLEVEL_UNIQUE
h: SQUARE_FLOOR, SQUAREFLAG_LIT, MOB_ORC
i: SQUARE_FLOOR, SQUAREFLAG_LIT, MOB_HILLORC
I: SQUARE_FLOOR, SQUAREFLAG_LIT, MOB_HILLORC, MOBLEVEL_UNIQUE
J: SQUARE_FLOOR, SQUAREFLAG_LIT, MOB_PURPLETRIDUDE, MOBLEVEL_UNIQUE
k: SQUARE_FLOOR, SQUAREFLAG_LIT, MOB_TROLL
K: SQUARE_FLOOR, SQUAREFLAG_LIT, MOB_CAVETROLL
L: SQUARE_FLOOR, SQUAREFLAG_LIT, MOB_CAVETROLL, MOBLEVEL_UNIQUE
m: SQUARE_FLOOR, SQUAREFLAG_LIT, MOB_STONEGOLEM
M: SQUARE_FLOOR, SQUAREFLAG_LIT, MOB_STONEGOLEM, MOBLEVEL_UNIQUE
n: SQUARE_FLOOR, MOB_GHAST
N: SQUARE_FLOOR, MOB_GHAST, MOBLEVEL_UNIQUE
O: SQUARE_FLOOR, SQUAREFLAG_LIT, MOB_IRONGOLEM, MOBLEVEL_UNIQUE
P: SQUARE_FLOOR, SQUAREFLAG_LIT, MOB_WATERELEMENTAL, MOBLEVEL_UNIQUE
q: SQUARE_FLOOR, SQUAREFLAG_LIT, MOB_FIREELEMENTAL
Q: SQUARE_FLOOR, SQUAREFLAG_LIT, MOB_FIREELEMENTAL, MOBLEVEL_UNIQUE
r: SQUARE_FLOOR, SQUAREFLAG_LIT, MOB_KOBOLDFIGHTER
R: SQUARE_FLOOR, SQUAREFLAG_LIT, MOB_KOBOLDFIGHTER, MOBLEVEL_UNIQUE
s: SQUARE_FOREST, SQUAREFLAG_LIT, MOB_KOBOLDASSASSIN
S: SQUARE_FOREST, SQUAREFLAG_LIT, MOB_KOBOLDASSASSIN, MOBLEVEL_UNIQUE
t: SQUARE_FOREST, SQUAREFLAG_LIT, MOB_KOBOLDTHIEF
T: SQUARE_FOREST, SQUAREFLAG_LIT, MOB_KOBOLDTHIEF, MOBLEVEL_UNIQUE
u: SQUARE_FLOOR, SQUAREFLAG_LIT, MOB_REDDRAGON
U: SQUARE_FLOOR, SQUAREFLAG_LIT, MOB_REDDRAGON, MOBLEVEL_UNIQUE
v: SQUARE_FLOOR, SQUAREFLAG_LIT, MOB_WHITEDRAGON
V: SQUARE_FLOOR, SQUAREFLAG_LIT, MOB_WHITEDRAGON, MOBLEVEL_UNIQUE
W: SQUARE_FLOOR, SQUAREFLAG_LIT, MOB_SOULSUCKER, MOBLEVEL_UNIQUE
X: SQUARE_FLOOR, SQUAREFLAG_LIT, MOB_TURTLOID
y: SQUARE_FLOOR, SQUAREFLAG_LIT, MOB_LARGETURTLOID
Y: SQUARE_FLOOR, SQUAREFLAG_LIT, MOB_LARGETURTLOID, MOBLEVEL_UNIQUE
z: SQUARE_FLOOR, ITEMTYPE_ARTIFACT, MOB_AIRELEMENTAL, MOBLEVEL_UNIQUE, SQUAREFLAG_LIT
Z: SQUARE_FLOOR, ITEMTYPE_ARTIFACT, MOB_EARTHELEMENTAL, MOBLEVEL_UNIQUE, SQUAREFLAG_LIT
