# New Belweir's Quest
# "Behold the true power of the elements!"
# There are now more elementals and dragons. Enjoy.

allowstairs = false
allowgeneration = false
allowdig = false
allowitems = true
allowtele = false
quest = GOD_ROGUE
rarity = 0
pos = 0 0

+------------------------------+
|##############################|
|#1###   ....###....########1##|
|#Ddd   ..B.B.#...B...AAA##AY##|
|## d......^^^^^^^^^^^^AAyAy###|
|#  .^.....^.B#....B...^AAy####|
|#...^. ...^..#..B...^^^.AA.###|
|# ..^    .^..#......^....^B.##|
|#  .^.....^.###....^^.B.B^..##|
|## .^   ##^^^^^^^^^^.####^####|
|## .^ ####^#####^######..^.###|
|#  .^^#^L^^x..>#^..#..j.B^..##|
|# ...^#^#^######^.B#B....^...#|
|#  ^^^^^#^^IIIFI^..#...^^^^..#|
|###B.^####IIIffIIB.#J.B^j.^BB#|
|#<# .^#..###IfIIII.#...^B^^B1#|
|#.B..^#....##IIIII.#..j^..^BB#|
|#....^#.B.B.^III.^^^^^^^..^..#|
|# . #^#.....^.IIII.#...^^B^..#|
|#####^#B...^^......#....^^^..#|
|#ssW.^^^^^^^...B..B#.j..^...##|
|#sB..^##.B.^^^^.#..##...^..###|
|#S.B.^.#......^^^^^.####^###H#|
|#W...^.#...B....#.^..B..^.##h#|
|#WB..^^^^^^^^..##.^.B..B^BLLh#|
|#WW.B^..B...^^^^^^^^.LLL^LL###|
|#WWWW^.........##..^^LLLLL####|
|####WW.B..B...#####.LLrLL#####|
|##WeWeW..B..###RHR###LLrLrLL##|
|##E#WW#######SF...Y#####^##R##|
|##1####11EE+JSFD.YY+AAAA^A#1##|
|##############################|
+------------------------------+

.: SQUARE_CORRIDOR
#: SQUARE_REINFORCEDWALL
 : SQUARE_EMPTY
^: SQUARE_PATHPIT
+: SQUARE_BLOCKEDDOOR
x: SQUARE_SECRETDOOR
L: SQUARE_LAVA
W: SQUARE_WATER
A: SQUARE_ACID
I: SQUARE_ICE
>: SQUARE_LADDERDOWN
<: SQUARE_LADDERUP
1: SQUARE_CORRIDOR, ITEMTYPE_ARTIFACT
B: SQUARE_CORRIDOR, ITEM_BOULDER
y: SQUARE_ACID, MOB_YELLOWDRAGON
Y: SQUARE_ACID, MOB_YELLOWDRAGON, MOBLEVEL_UNIQUE
r: SQUARE_LAVA, MOB_REDDRAGON
R: SQUARE_LAVA, MOB_REDDRAGON, MOBLEVEL_UNIQUE
f: SQUARE_ICE, MOB_WHITEDRAGON
F: SQUARE_ICE, MOB_WHITEDRAGON, MOBLEVEL_UNIQUE
e: SQUARE_WATER, MOB_WATERELEMENTAL
E: SQUARE_WATER, MOB_WATERELEMENTAL, MOBLEVEL_UNIQUE
d: SQUARE_PATHPIT, MOB_EARTHELEMENTAL
D: SQUARE_PATHPIT, MOB_EARTHELEMENTAL, MOBLEVEL_UNIQUE
s: SQUARE_WATER, MOB_BLUEDRAGON
S: SQUARE_WATER, MOB_BLUEDRAGON, MOBLEVEL_UNIQUE
h: SQUARE_LAVA, MOB_FIREELEMENTAL
H: SQUARE_LAVA, MOB_FIREELEMENTAL, MOBLEVEL_UNIQUE
j: SQUARE_CORRIDOR, MOB_AIRELEMENTAL
J: SQUARE_CORRIDOR, MOB_AIRELEMENTAL, MOBLEVEL_UNIQUE
